LAMMPS (31 Mar 2017)
Reading data file ...
  orthogonal box = (-15 -15 -15) to (15 15 15)
  1 by 2 by 2 MPI processor grid
  reading atoms ...
  55 atoms
Reading potential file /home/rmeyer/lammps/potentials/library.meam with DATE: 2012-06-29
WARNING: Resetting reneighboring criteria during minimization (../min.cpp:168)
Neighbor list info ...
  update every 1 steps, delay 0 steps, check yes
  max neighbors/atom: 2000, page size: 100000
  master list distance cutoff = 6
  ghost atom cutoff = 6
  binsize = 3, bins = 10 10 10
  2 neighbor lists, perpetual/occasional/extra = 2 0 0
  (1) pair meam, perpetual
      attributes: full, newton on
      pair build: full/bin/atomonly
      stencil: full/bin/3d
      bin: standard
  (2) pair meam, perpetual, half/full from (1)
      attributes: half, newton on
      pair build: halffull/newton
      stencil: none
      bin: none
Setting up cg style minimization ...
  Unit style    : metal
Per MPI rank memory allocation (min/avg/max) = 9.073 | 9.075 | 9.076 Mbytes
Step Temp E_pair E_mol TotEng Press 
       0            0   -184.76457            0   -184.76457    6.1672846 
       1            0   -186.40486            0   -186.40486   -220.78303 
Loop time of 0.000642538 on 4 procs for 1 steps with 55 atoms

466.9% CPU use with 4 MPI tasks x no OpenMP threads

Minimization stats:
  Stopping criterion = energy tolerance
  Energy initial, next-to-last, final = 
         -184.76456756      -184.76456756     -186.404856244
  Force two-norm initial, final = 6.78361 2.88738
  Force max component initial, final = 1.58121 0.55918
  Final line search alpha, max atom move = 0.0632425 0.035364
  Iterations, force evaluations = 1 1

MPI task timing breakdown:
Section |  min time  |  avg time  |  max time  |%varavg| %total
---------------------------------------------------------------
Pair    | 0.00040722 | 0.00045729 | 0.00051785 |   0.0 | 71.17
Neigh   | 0          | 0          | 0          |   0.0 |  0.00
Comm    | 2.265e-05  | 8.2791e-05 | 0.00013328 |   0.0 | 12.88
Output  | 0          | 0          | 0          |   0.0 |  0.00
Modify  | 0          | 0          | 0          |   0.0 |  0.00
Other   |            | 0.0001025  |            |       | 15.95

Nlocal:    13.75 ave 15 max 12 min
Histogram: 1 0 0 0 0 0 2 0 0 1
Nghost:    40.75 ave 43 max 40 min
Histogram: 3 0 0 0 0 0 0 0 0 1
Neighs:    175.5 ave 243 max 106 min
Histogram: 1 0 1 0 0 0 0 1 0 1
FullNghs:  351 ave 390 max 303 min
Histogram: 1 0 0 0 0 1 1 0 0 1

Total # of neighbors = 1404
Ave neighs/atom = 25.5273
Neighbor list builds = 0
Dangerous builds = 0
Setting up Verlet run ...
  Unit style    : metal
  Current step  : 1
  Time step     : 0.002
Per MPI rank memory allocation (min/avg/max) = 7.979 | 7.981 | 7.982 Mbytes
Step Temp TotEng PotEng Press Volume Enthalpy 
       0        10000   -29.803776   -62.118812    3016.5683        27000    21.031662 
       1    10712.915   -29.835862   -64.454685    2384.9415        27000    10.355353 
       2    11404.944   -29.853633   -66.708751     1753.771        27000  -0.29895116 
       3    11966.523   -29.853838     -68.5237    1211.7209        27000   -9.4338248 
       4    12363.446   -29.844297   -69.796816    795.25255        27000   -16.442641 
       5    12612.163   -29.832757   -70.589006    498.54057        27000   -21.431313 
Loop time of 16.425 on 4 procs for 100000 steps with 55 atoms

Performance: 1052.055 ns/day, 0.023 hours/ns, 6088.283 timesteps/s
98.1% CPU use with 4 MPI tasks x no OpenMP threads

MPI task timing breakdown:
Section |  min time  |  avg time  |  max time  |%varavg| %total
---------------------------------------------------------------
Pair    | 8.2329     | 8.6574     | 9.0262     |  11.0 | 52.71
Neigh   | 0.027064   | 0.035542   | 0.04257    |   3.6 |  0.22
Comm    | 1.4399     | 1.796      | 2.2158     |  24.3 | 10.93
Output  | 4.7354     | 4.7756     | 4.8348     |   1.7 | 29.08
Modify  | 0.72358    | 0.73198    | 0.74441    |   1.0 |  4.46
Other   |            | 0.4285     |            |       |  2.61

Nlocal:    13.75 ave 16 max 9 min
Histogram: 1 0 0 0 0 0 0 1 0 2
Nghost:    11.5 ave 15 max 7 min
Histogram: 1 0 0 1 0 0 0 0 1 1
Neighs:    17.25 ave 22 max 9 min
Histogram: 1 0 0 0 0 0 1 0 1 1
FullNghs:  34.5 ave 44 max 18 min
Histogram: 1 0 0 0 0 0 1 0 1 1

Total # of neighbors = 138
Ave neighs/atom = 2.50909
Neighbor list builds = 2072
Dangerous builds = 0
Total wall time: 0:00:16
